                                      1 ;--------------------------------------------------------
                                      2 ; File Created by SDCC : free open source ANSI-C Compiler
                                      3 ; Version 4.2.0 #13081 (Linux)
                                      4 ;--------------------------------------------------------
                                      5 	.module faker_delay
                                      6 	.optsdcc -mstm8
                                      7 	
                                      8 ;--------------------------------------------------------
                                      9 ; Public variables in this module
                                     10 ;--------------------------------------------------------
                                     11 	.globl _faker_delay
                                     12 ;--------------------------------------------------------
                                     13 ; ram data
                                     14 ;--------------------------------------------------------
                                     15 	.area DATA
                                     16 ;--------------------------------------------------------
                                     17 ; ram data
                                     18 ;--------------------------------------------------------
                                     19 	.area INITIALIZED
                                     20 ;--------------------------------------------------------
                                     21 ; absolute external ram data
                                     22 ;--------------------------------------------------------
                                     23 	.area DABS (ABS)
                                     24 
                                     25 ; default segment ordering for linker
                                     26 	.area HOME
                                     27 	.area GSINIT
                                     28 	.area GSFINAL
                                     29 	.area CONST
                                     30 	.area INITIALIZER
                                     31 	.area CODE
                                     32 
                                     33 ;--------------------------------------------------------
                                     34 ; global & static initialisations
                                     35 ;--------------------------------------------------------
                                     36 	.area HOME
                                     37 	.area GSINIT
                                     38 	.area GSFINAL
                                     39 	.area GSINIT
                                     40 ;--------------------------------------------------------
                                     41 ; Home
                                     42 ;--------------------------------------------------------
                                     43 	.area HOME
                                     44 	.area HOME
                                     45 ;--------------------------------------------------------
                                     46 ; code
                                     47 ;--------------------------------------------------------
                                     48 	.area CODE
                                     49 ;	src/faker_delay.c: 3: void faker_delay(uint32_t cnt)
                                     50 ;	-----------------------------------------
                                     51 ;	 function faker_delay
                                     52 ;	-----------------------------------------
      000000                         53 _faker_delay:
      000000 52 04            [ 2]   54 	sub	sp, #4
                                     55 ;	src/faker_delay.c: 5: for (volatile uint32_t i = 0; i < cnt; ++i);
      000002 5F               [ 1]   56 	clrw	x
      000003 1F 03            [ 2]   57 	ldw	(0x03, sp), x
      000005 1F 01            [ 2]   58 	ldw	(0x01, sp), x
      000007                         59 00103$:
      000007 1E 03            [ 2]   60 	ldw	x, (0x03, sp)
      000009 13 09            [ 2]   61 	cpw	x, (0x09, sp)
      00000B 7B 02            [ 1]   62 	ld	a, (0x02, sp)
      00000D 12 08            [ 1]   63 	sbc	a, (0x08, sp)
      00000F 7B 01            [ 1]   64 	ld	a, (0x01, sp)
      000011 12 07            [ 1]   65 	sbc	a, (0x07, sp)
      000013 24 11            [ 1]   66 	jrnc	00105$
      000015 1E 03            [ 2]   67 	ldw	x, (0x03, sp)
      000017 1C 00 01         [ 2]   68 	addw	x, #0x0001
      00001A 16 01            [ 2]   69 	ldw	y, (0x01, sp)
      00001C 24 02            [ 1]   70 	jrnc	00118$
      00001E 90 5C            [ 1]   71 	incw	y
      000020                         72 00118$:
      000020 1F 03            [ 2]   73 	ldw	(0x03, sp), x
      000022 17 01            [ 2]   74 	ldw	(0x01, sp), y
      000024 20 E1            [ 2]   75 	jra	00103$
      000026                         76 00105$:
                                     77 ;	src/faker_delay.c: 6: }
      000026 1E 05            [ 2]   78 	ldw	x, (5, sp)
      000028 5B 0A            [ 2]   79 	addw	sp, #10
      00002A FC               [ 2]   80 	jp	(x)
                                     81 	.area CODE
                                     82 	.area CONST
                                     83 	.area INITIALIZER
                                     84 	.area CABS (ABS)
