                                      1 ;--------------------------------------------------------
                                      2 ; File Created by SDCC : free open source ANSI-C Compiler
                                      3 ; Version 4.2.0 #13081 (Linux)
                                      4 ;--------------------------------------------------------
                                      5 	.module main
                                      6 	.optsdcc -mstm8
                                      7 	
                                      8 ;--------------------------------------------------------
                                      9 ; Public variables in this module
                                     10 ;--------------------------------------------------------
                                     11 	.globl _main
                                     12 	.globl _eeprom_get
                                     13 	.globl _eeprom_set
                                     14 	.globl _get_uid
                                     15 	.globl _ws2812_set_one_color
                                     16 	.globl _ws2812_refresh
                                     17 	.globl _ws2812_init
                                     18 	.globl _on_board_led_init
                                     19 	.globl _enable_HSI_16MHz
                                     20 	.globl _uart1_init
                                     21 	.globl _faker_delay
                                     22 	.globl _puts
                                     23 	.globl _printf
                                     24 ;--------------------------------------------------------
                                     25 ; ram data
                                     26 ;--------------------------------------------------------
                                     27 	.area DATA
                                     28 ;--------------------------------------------------------
                                     29 ; ram data
                                     30 ;--------------------------------------------------------
                                     31 	.area INITIALIZED
                                     32 ;--------------------------------------------------------
                                     33 ; Stack segment in internal ram
                                     34 ;--------------------------------------------------------
                                     35 	.area	SSEG
      000000                         36 __start__stack:
      000000                         37 	.ds	1
                                     38 
                                     39 ;--------------------------------------------------------
                                     40 ; absolute external ram data
                                     41 ;--------------------------------------------------------
                                     42 	.area DABS (ABS)
                                     43 
                                     44 ; default segment ordering for linker
                                     45 	.area HOME
                                     46 	.area GSINIT
                                     47 	.area GSFINAL
                                     48 	.area CONST
                                     49 	.area INITIALIZER
                                     50 	.area CODE
                                     51 
                                     52 ;--------------------------------------------------------
                                     53 ; interrupt vector
                                     54 ;--------------------------------------------------------
                                     55 	.area HOME
      000000                         56 __interrupt_vect:
      000000 82v00u00u00             57 	int s_GSINIT ; reset
                                     58 ;--------------------------------------------------------
                                     59 ; global & static initialisations
                                     60 ;--------------------------------------------------------
                                     61 	.area HOME
                                     62 	.area GSINIT
                                     63 	.area GSFINAL
                                     64 	.area GSINIT
      000000                         65 __sdcc_init_data:
                                     66 ; stm8_genXINIT() start
      000000 AEr00r00         [ 2]   67 	ldw x, #l_DATA
      000003 27 07            [ 1]   68 	jreq	00002$
      000005                         69 00001$:
      000005 72 4FuFFuFF      [ 1]   70 	clr (s_DATA - 1, x)
      000009 5A               [ 2]   71 	decw x
      00000A 26 F9            [ 1]   72 	jrne	00001$
      00000C                         73 00002$:
      00000C AEr00r00         [ 2]   74 	ldw	x, #l_INITIALIZER
      00000F 27 09            [ 1]   75 	jreq	00004$
      000011                         76 00003$:
      000011 D6uFFuFF         [ 1]   77 	ld	a, (s_INITIALIZER - 1, x)
      000014 D7uFFuFF         [ 1]   78 	ld	(s_INITIALIZED - 1, x), a
      000017 5A               [ 2]   79 	decw	x
      000018 26 F7            [ 1]   80 	jrne	00003$
      00001A                         81 00004$:
                                     82 ; stm8_genXINIT() end
                                     83 	.area GSFINAL
      000000 CCr00r04         [ 2]   84 	jp	__sdcc_program_startup
                                     85 ;--------------------------------------------------------
                                     86 ; Home
                                     87 ;--------------------------------------------------------
                                     88 	.area HOME
                                     89 	.area HOME
      000004                         90 __sdcc_program_startup:
      000004 CCr00r00         [ 2]   91 	jp	_main
                                     92 ;	return from main will return to caller
                                     93 ;--------------------------------------------------------
                                     94 ; code
                                     95 ;--------------------------------------------------------
                                     96 	.area CODE
                                     97 ;	src/main.c: 22: void main()
                                     98 ;	-----------------------------------------
                                     99 ;	 function main
                                    100 ;	-----------------------------------------
      000000                        101 _main:
      000000 52 1C            [ 2]  102 	sub	sp, #28
                                    103 ;	src/main.c: 24: enable_HSI_16MHz();
      000002 CDr00r00         [ 4]  104 	call	_enable_HSI_16MHz
                                    105 ;	src/main.c: 25: on_board_led_init();
      000005 CDr00r00         [ 4]  106 	call	_on_board_led_init
                                    107 ;	src/main.c: 26: uart1_init();
      000008 CDr00r00         [ 4]  108 	call	_uart1_init
                                    109 ;	src/main.c: 27: ws2812_init();
      00000B CDr00r00         [ 4]  110 	call	_ws2812_init
                                    111 ;	src/main.c: 29: for(int i = 0; i < 16; ++i)
      00000E 5F               [ 1]  112 	clrw	x
      00000F 1F 1B            [ 2]  113 	ldw	(0x1b, sp), x
      000011                        114 00114$:
      000011 1E 1B            [ 2]  115 	ldw	x, (0x1b, sp)
      000013 A3 00 10         [ 2]  116 	cpw	x, #0x0010
      000016 2E 3A            [ 1]  117 	jrsge	00107$
                                    118 ;	src/main.c: 31: if(i%3 == 0)
      000018 4B 03            [ 1]  119 	push	#0x03
      00001A 4B 00            [ 1]  120 	push	#0x00
      00001C 1E 1D            [ 2]  121 	ldw	x, (0x1d, sp)
                                    122 ;	src/main.c: 33: ws2812_set_one_color(i, 0xFF);
      00001E CDr00r00         [ 4]  123 	call	__modsint
      000021 16 1B            [ 2]  124 	ldw	y, (0x1b, sp)
                                    125 ;	src/main.c: 31: if(i%3 == 0)
      000023 5D               [ 2]  126 	tnzw	x
      000024 26 0C            [ 1]  127 	jrne	00105$
                                    128 ;	src/main.c: 33: ws2812_set_one_color(i, 0xFF);
      000026 4B FF            [ 1]  129 	push	#0xff
      000028 5F               [ 1]  130 	clrw	x
      000029 89               [ 2]  131 	pushw	x
      00002A 4B 00            [ 1]  132 	push	#0x00
      00002C 93               [ 1]  133 	ldw	x, y
      00002D CDr00r00         [ 4]  134 	call	_ws2812_set_one_color
      000030 20 19            [ 2]  135 	jra	00115$
      000032                        136 00105$:
                                    137 ;	src/main.c: 35: else if(i%3 == 1)
      000032 5A               [ 2]  138 	decw	x
      000033 26 0C            [ 1]  139 	jrne	00102$
                                    140 ;	src/main.c: 37: ws2812_set_one_color(i, 0xFF00);
      000035 4B 00            [ 1]  141 	push	#0x00
      000037 4B FF            [ 1]  142 	push	#0xff
      000039 5F               [ 1]  143 	clrw	x
      00003A 89               [ 2]  144 	pushw	x
      00003B 93               [ 1]  145 	ldw	x, y
      00003C CDr00r00         [ 4]  146 	call	_ws2812_set_one_color
      00003F 20 0A            [ 2]  147 	jra	00115$
      000041                        148 00102$:
                                    149 ;	src/main.c: 41: ws2812_set_one_color(i, 0xFF0000);
      000041 5F               [ 1]  150 	clrw	x
      000042 89               [ 2]  151 	pushw	x
      000043 4B FF            [ 1]  152 	push	#0xff
      000045 4B 00            [ 1]  153 	push	#0x00
      000047 93               [ 1]  154 	ldw	x, y
      000048 CDr00r00         [ 4]  155 	call	_ws2812_set_one_color
      00004B                        156 00115$:
                                    157 ;	src/main.c: 29: for(int i = 0; i < 16; ++i)
      00004B 1E 1B            [ 2]  158 	ldw	x, (0x1b, sp)
      00004D 5C               [ 1]  159 	incw	x
      00004E 1F 1B            [ 2]  160 	ldw	(0x1b, sp), x
      000050 20 BF            [ 2]  161 	jra	00114$
      000052                        162 00107$:
                                    163 ;	src/main.c: 45: uint8_t * tmp_uid = get_uid();
      000052 CDr00r00         [ 4]  164 	call	_get_uid
      000055 1F 19            [ 2]  165 	ldw	(0x19, sp), x
                                    166 ;	src/main.c: 47: uint8_t test_arr[] = {0x01, 0x02, 0x03, 0x04, 0x05, 0x06, 0x07, 0x08};
      000057 96               [ 1]  167 	ldw	x, sp
      000058 5C               [ 1]  168 	incw	x
      000059 A6 01            [ 1]  169 	ld	a, #0x01
      00005B F7               [ 1]  170 	ld	(x), a
      00005C A6 02            [ 1]  171 	ld	a, #0x02
      00005E 6B 02            [ 1]  172 	ld	(0x02, sp), a
      000060 A6 03            [ 1]  173 	ld	a, #0x03
      000062 6B 03            [ 1]  174 	ld	(0x03, sp), a
      000064 A6 04            [ 1]  175 	ld	a, #0x04
      000066 6B 04            [ 1]  176 	ld	(0x04, sp), a
      000068 A6 05            [ 1]  177 	ld	a, #0x05
      00006A 6B 05            [ 1]  178 	ld	(0x05, sp), a
      00006C A6 06            [ 1]  179 	ld	a, #0x06
      00006E 6B 06            [ 1]  180 	ld	(0x06, sp), a
      000070 A6 07            [ 1]  181 	ld	a, #0x07
      000072 6B 07            [ 1]  182 	ld	(0x07, sp), a
      000074 A6 08            [ 1]  183 	ld	a, #0x08
      000076 6B 08            [ 1]  184 	ld	(0x08, sp), a
                                    185 ;	src/main.c: 48: eeprom_set(0, test_arr, sizeof(test_arr));
      000078 4B 08            [ 1]  186 	push	#0x08
      00007A 4B 00            [ 1]  187 	push	#0x00
      00007C 89               [ 2]  188 	pushw	x
      00007D 5F               [ 1]  189 	clrw	x
      00007E CDr00r00         [ 4]  190 	call	_eeprom_set
                                    191 ;	src/main.c: 49: uint8_t print_arr[16] = {0};
      000081 0F 09            [ 1]  192 	clr	(0x09, sp)
      000083 0F 0A            [ 1]  193 	clr	(0x0a, sp)
      000085 0F 0B            [ 1]  194 	clr	(0x0b, sp)
      000087 0F 0C            [ 1]  195 	clr	(0x0c, sp)
      000089 0F 0D            [ 1]  196 	clr	(0x0d, sp)
      00008B 0F 0E            [ 1]  197 	clr	(0x0e, sp)
      00008D 0F 0F            [ 1]  198 	clr	(0x0f, sp)
      00008F 0F 10            [ 1]  199 	clr	(0x10, sp)
      000091 0F 11            [ 1]  200 	clr	(0x11, sp)
      000093 0F 12            [ 1]  201 	clr	(0x12, sp)
      000095 0F 13            [ 1]  202 	clr	(0x13, sp)
      000097 0F 14            [ 1]  203 	clr	(0x14, sp)
      000099 0F 15            [ 1]  204 	clr	(0x15, sp)
      00009B 0F 16            [ 1]  205 	clr	(0x16, sp)
      00009D 0F 17            [ 1]  206 	clr	(0x17, sp)
      00009F 0F 18            [ 1]  207 	clr	(0x18, sp)
                                    208 ;	src/main.c: 50: eeprom_get(0, print_arr, 8);
      0000A1 4B 08            [ 1]  209 	push	#0x08
      0000A3 4B 00            [ 1]  210 	push	#0x00
      0000A5 96               [ 1]  211 	ldw	x, sp
      0000A6 1C 00 0B         [ 2]  212 	addw	x, #11
      0000A9 89               [ 2]  213 	pushw	x
      0000AA 5F               [ 1]  214 	clrw	x
      0000AB CDr00r00         [ 4]  215 	call	_eeprom_get
                                    216 ;	src/main.c: 51: for(int j = 0; j< sizeof(print_arr); ++j)
      0000AE 5F               [ 1]  217 	clrw	x
      0000AF 1F 1B            [ 2]  218 	ldw	(0x1b, sp), x
      0000B1                        219 00117$:
      0000B1 1E 1B            [ 2]  220 	ldw	x, (0x1b, sp)
      0000B3 A3 00 10         [ 2]  221 	cpw	x, #0x0010
      0000B6 2E 1B            [ 1]  222 	jrsge	00108$
                                    223 ;	src/main.c: 53: printf("%02X", print_arr[j]);
      0000B8 96               [ 1]  224 	ldw	x, sp
      0000B9 1C 00 09         [ 2]  225 	addw	x, #9
      0000BC 72 FB 1B         [ 2]  226 	addw	x, (0x1b, sp)
      0000BF F6               [ 1]  227 	ld	a, (x)
      0000C0 5F               [ 1]  228 	clrw	x
      0000C1 97               [ 1]  229 	ld	xl, a
      0000C2 89               [ 2]  230 	pushw	x
      0000C3 4Br00            [ 1]  231 	push	#<(___str_0+0)
      0000C5 4Bs00            [ 1]  232 	push	#((___str_0+0) >> 8)
      0000C7 CDr00r00         [ 4]  233 	call	_printf
      0000CA 5B 04            [ 2]  234 	addw	sp, #4
                                    235 ;	src/main.c: 51: for(int j = 0; j< sizeof(print_arr); ++j)
      0000CC 1E 1B            [ 2]  236 	ldw	x, (0x1b, sp)
      0000CE 5C               [ 1]  237 	incw	x
      0000CF 1F 1B            [ 2]  238 	ldw	(0x1b, sp), x
      0000D1 20 DE            [ 2]  239 	jra	00117$
      0000D3                        240 00108$:
                                    241 ;	src/main.c: 55: printf("\r\n");
      0000D3 AEr00r05         [ 2]  242 	ldw	x, #(___str_2+0)
      0000D6 CDr00r00         [ 4]  243 	call	_puts
                                    244 ;	src/main.c: 56: while (1)
      0000D9                        245 00111$:
                                    246 ;	src/main.c: 58: printf("UID: ");
      0000D9 4Br07            [ 1]  247 	push	#<(___str_3+0)
      0000DB 4Bs00            [ 1]  248 	push	#((___str_3+0) >> 8)
      0000DD CDr00r00         [ 4]  249 	call	_printf
      0000E0 5B 02            [ 2]  250 	addw	sp, #2
                                    251 ;	src/main.c: 59: for(int i = 0; i< 12; ++i)
      0000E2 5F               [ 1]  252 	clrw	x
      0000E3                        253 00120$:
      0000E3 A3 00 0C         [ 2]  254 	cpw	x, #0x000c
      0000E6 2E 1B            [ 1]  255 	jrsge	00109$
                                    256 ;	src/main.c: 61: printf("%02X", tmp_uid[i]);
      0000E8 90 93            [ 1]  257 	ldw	y, x
      0000EA 72 F9 19         [ 2]  258 	addw	y, (0x19, sp)
      0000ED 90 F6            [ 1]  259 	ld	a, (y)
      0000EF 0F 1B            [ 1]  260 	clr	(0x1b, sp)
      0000F1 89               [ 2]  261 	pushw	x
      0000F2 88               [ 1]  262 	push	a
      0000F3 7B 1E            [ 1]  263 	ld	a, (0x1e, sp)
      0000F5 88               [ 1]  264 	push	a
      0000F6 4Br00            [ 1]  265 	push	#<(___str_0+0)
      0000F8 4Bs00            [ 1]  266 	push	#((___str_0+0) >> 8)
      0000FA CDr00r00         [ 4]  267 	call	_printf
      0000FD 5B 04            [ 2]  268 	addw	sp, #4
      0000FF 85               [ 2]  269 	popw	x
                                    270 ;	src/main.c: 59: for(int i = 0; i< 12; ++i)
      000100 5C               [ 1]  271 	incw	x
      000101 20 E0            [ 2]  272 	jra	00120$
      000103                        273 00109$:
                                    274 ;	src/main.c: 63: printf("\r\n");
      000103 AEr00r05         [ 2]  275 	ldw	x, #(___str_2+0)
      000106 CDr00r00         [ 4]  276 	call	_puts
                                    277 ;	src/main.c: 64: ws2812_refresh();
      000109 CDr00r00         [ 4]  278 	call	_ws2812_refresh
                                    279 ;	src/main.c: 66: faker_delay(100000);
      00010C 4B A0            [ 1]  280 	push	#0xa0
      00010E 4B 86            [ 1]  281 	push	#0x86
      000110 4B 01            [ 1]  282 	push	#0x01
      000112 4B 00            [ 1]  283 	push	#0x00
      000114 CDr00r00         [ 4]  284 	call	_faker_delay
      000117 20 C0            [ 2]  285 	jra	00111$
                                    286 ;	src/main.c: 68: }
      000119 5B 1C            [ 2]  287 	addw	sp, #28
      00011B 81               [ 4]  288 	ret
                                    289 	.area CODE
                                    290 	.area CONST
                                    291 	.area CONST
      000000                        292 ___str_0:
      000000 25 30 32 58            293 	.ascii "%02X"
      000004 00                     294 	.db 0x00
                                    295 	.area CODE
                                    296 	.area CONST
      000005                        297 ___str_2:
      000005 0D                     298 	.db 0x0d
      000006 00                     299 	.db 0x00
                                    300 	.area CODE
                                    301 	.area CONST
      000007                        302 ___str_3:
      000007 55 49 44 3A 20         303 	.ascii "UID: "
      00000C 00                     304 	.db 0x00
                                    305 	.area CODE
                                    306 	.area INITIALIZER
                                    307 	.area CABS (ABS)
