                                      1 ;--------------------------------------------------------
                                      2 ; File Created by SDCC : free open source ANSI-C Compiler
                                      3 ; Version 4.2.0 #13081 (Linux)
                                      4 ;--------------------------------------------------------
                                      5 	.module on_chip_eeprom
                                      6 	.optsdcc -mstm8
                                      7 	
                                      8 ;--------------------------------------------------------
                                      9 ; Public variables in this module
                                     10 ;--------------------------------------------------------
                                     11 	.globl _eeprom_get
                                     12 	.globl _eeprom_set
                                     13 	.globl _eeprom_dump
                                     14 	.globl ___memcpy
                                     15 	.globl _puts
                                     16 	.globl _printf
                                     17 ;--------------------------------------------------------
                                     18 ; ram data
                                     19 ;--------------------------------------------------------
                                     20 	.area DATA
                                     21 ;--------------------------------------------------------
                                     22 ; ram data
                                     23 ;--------------------------------------------------------
                                     24 	.area INITIALIZED
                                     25 ;--------------------------------------------------------
                                     26 ; absolute external ram data
                                     27 ;--------------------------------------------------------
                                     28 	.area DABS (ABS)
                                     29 
                                     30 ; default segment ordering for linker
                                     31 	.area HOME
                                     32 	.area GSINIT
                                     33 	.area GSFINAL
                                     34 	.area CONST
                                     35 	.area INITIALIZER
                                     36 	.area CODE
                                     37 
                                     38 ;--------------------------------------------------------
                                     39 ; global & static initialisations
                                     40 ;--------------------------------------------------------
                                     41 	.area HOME
                                     42 	.area GSINIT
                                     43 	.area GSFINAL
                                     44 	.area GSINIT
                                     45 ;--------------------------------------------------------
                                     46 ; Home
                                     47 ;--------------------------------------------------------
                                     48 	.area HOME
                                     49 	.area HOME
                                     50 ;--------------------------------------------------------
                                     51 ; code
                                     52 ;--------------------------------------------------------
                                     53 	.area CODE
                                     54 ;	src/on_chip_eeprom.c: 15: void eeprom_dump(void)
                                     55 ;	-----------------------------------------
                                     56 ;	 function eeprom_dump
                                     57 ;	-----------------------------------------
      000000                         58 _eeprom_dump:
      000000 52 04            [ 2]   59 	sub	sp, #4
                                     60 ;	src/on_chip_eeprom.c: 17: for(int i = 0 ;i < EEPROM_LEN; ++i)
      000002 5F               [ 1]   61 	clrw	x
      000003 1F 03            [ 2]   62 	ldw	(0x03, sp), x
      000005                         63 00106$:
      000005 1E 03            [ 2]   64 	ldw	x, (0x03, sp)
      000007 A3 02 80         [ 2]   65 	cpw	x, #0x0280
      00000A 24 3B            [ 1]   66 	jrnc	00104$
                                     67 ;	src/on_chip_eeprom.c: 19: if(i % 8  == 7)
      00000C 4B 08            [ 1]   68 	push	#0x08
      00000E 4B 00            [ 1]   69 	push	#0x00
      000010 1E 05            [ 2]   70 	ldw	x, (0x05, sp)
                                     71 ;	src/on_chip_eeprom.c: 21: printf("%02X\r\n", *((EEPROM_START_ADDR + i)));
      000012 CDr00r00         [ 4]   72 	call	__modsint
      000015 16 03            [ 2]   73 	ldw	y, (0x03, sp)
      000017 72 A9 40 00      [ 2]   74 	addw	y, #0x4000
      00001B 90 F6            [ 1]   75 	ld	a, (y)
      00001D 6B 02            [ 1]   76 	ld	(0x02, sp), a
      00001F 0F 01            [ 1]   77 	clr	(0x01, sp)
                                     78 ;	src/on_chip_eeprom.c: 19: if(i % 8  == 7)
      000021 A3 00 07         [ 2]   79 	cpw	x, #0x0007
      000024 26 0E            [ 1]   80 	jrne	00102$
                                     81 ;	src/on_chip_eeprom.c: 21: printf("%02X\r\n", *((EEPROM_START_ADDR + i)));
      000026 1E 01            [ 2]   82 	ldw	x, (0x01, sp)
      000028 89               [ 2]   83 	pushw	x
      000029 4Br00            [ 1]   84 	push	#<(___str_0+0)
      00002B 4Bs00            [ 1]   85 	push	#((___str_0+0) >> 8)
      00002D CDr00r00         [ 4]   86 	call	_printf
      000030 5B 04            [ 2]   87 	addw	sp, #4
      000032 20 0C            [ 2]   88 	jra	00107$
      000034                         89 00102$:
                                     90 ;	src/on_chip_eeprom.c: 25: printf("%02X", (uint8_t)(*(EEPROM_START_ADDR + i)));
      000034 1E 01            [ 2]   91 	ldw	x, (0x01, sp)
      000036 89               [ 2]   92 	pushw	x
      000037 4Br07            [ 1]   93 	push	#<(___str_1+0)
      000039 4Bs00            [ 1]   94 	push	#((___str_1+0) >> 8)
      00003B CDr00r00         [ 4]   95 	call	_printf
      00003E 5B 04            [ 2]   96 	addw	sp, #4
      000040                         97 00107$:
                                     98 ;	src/on_chip_eeprom.c: 17: for(int i = 0 ;i < EEPROM_LEN; ++i)
      000040 1E 03            [ 2]   99 	ldw	x, (0x03, sp)
      000042 5C               [ 1]  100 	incw	x
      000043 1F 03            [ 2]  101 	ldw	(0x03, sp), x
      000045 20 BE            [ 2]  102 	jra	00106$
      000047                        103 00104$:
                                    104 ;	src/on_chip_eeprom.c: 28: printf("\r\n");
      000047 AEr00r0C         [ 2]  105 	ldw	x, #(___str_3+0)
      00004A 5B 04            [ 2]  106 	addw	sp, #4
                                    107 ;	src/on_chip_eeprom.c: 29: }
      00004C CCr00r00         [ 2]  108 	jp	_puts
                                    109 ;	src/on_chip_eeprom.c: 31: void eeprom_set(uint16_t index, uint8_t * data, uint16_t len)
                                    110 ;	-----------------------------------------
                                    111 ;	 function eeprom_set
                                    112 ;	-----------------------------------------
      00004F                        113 _eeprom_set:
      00004F 52 06            [ 2]  114 	sub	sp, #6
                                    115 ;	src/on_chip_eeprom.c: 33: if(index + len > EEPROM_LEN)
      000051 1F 03            [ 2]  116 	ldw	(0x03, sp), x
      000053 72 FB 0B         [ 2]  117 	addw	x, (0x0b, sp)
      000056 A3 02 80         [ 2]  118 	cpw	x, #0x0280
                                    119 ;	src/on_chip_eeprom.c: 35: return;
      000059 22 3F            [ 1]  120 	jrugt	00113$
                                    121 ;	src/on_chip_eeprom.c: 39: FLASH_BASE_ADDR->dukr = EEPROM_FIRST_HW_KEY;
      00005B 35 AE 50 64      [ 1]  122 	mov	0x5064+0, #0xae
                                    123 ;	src/on_chip_eeprom.c: 40: FLASH_BASE_ADDR->dukr = EEPROM_SECOND_HW_KEY;
      00005F 35 56 50 64      [ 1]  124 	mov	0x5064+0, #0x56
                                    125 ;	src/on_chip_eeprom.c: 41: while(!(FLASH_BASE_ADDR->iapsr & FLASH_IAPSR_DUL_MASK));
      000063                        126 00103$:
      000063 C6 50 5F         [ 1]  127 	ld	a, 0x505f
      000066 A5 08            [ 1]  128 	bcp	a, #0x08
      000068 27 F9            [ 1]  129 	jreq	00103$
                                    130 ;	src/on_chip_eeprom.c: 44: for(int i = 0; i<len; ++i)
      00006A 1E 03            [ 2]  131 	ldw	x, (0x03, sp)
      00006C 1C 40 00         [ 2]  132 	addw	x, #0x4000
      00006F 1F 01            [ 2]  133 	ldw	(0x01, sp), x
      000071 5F               [ 1]  134 	clrw	x
      000072 1F 05            [ 2]  135 	ldw	(0x05, sp), x
      000074                        136 00111$:
      000074 1E 05            [ 2]  137 	ldw	x, (0x05, sp)
      000076 13 0B            [ 2]  138 	cpw	x, (0x0b, sp)
      000078 24 1B            [ 1]  139 	jrnc	00109$
                                    140 ;	src/on_chip_eeprom.c: 46: (*(volatile uint8_t *)(EEPROM_START_ADDR + index + i)) = data[i];
      00007A 1E 01            [ 2]  141 	ldw	x, (0x01, sp)
      00007C 72 FB 05         [ 2]  142 	addw	x, (0x05, sp)
      00007F 16 09            [ 2]  143 	ldw	y, (0x09, sp)
      000081 72 F9 05         [ 2]  144 	addw	y, (0x05, sp)
      000084 90 F6            [ 1]  145 	ld	a, (y)
      000086 F7               [ 1]  146 	ld	(x), a
                                    147 ;	src/on_chip_eeprom.c: 47: while(!(FLASH_BASE_ADDR->iapsr & FLASH_IAPSR_EOP_MASK));
      000087                        148 00106$:
                                    149 ;	src/on_chip_eeprom.c: 41: while(!(FLASH_BASE_ADDR->iapsr & FLASH_IAPSR_DUL_MASK));
      000087 C6 50 5F         [ 1]  150 	ld	a, 0x505f
                                    151 ;	src/on_chip_eeprom.c: 47: while(!(FLASH_BASE_ADDR->iapsr & FLASH_IAPSR_EOP_MASK));
      00008A A5 04            [ 1]  152 	bcp	a, #0x04
      00008C 27 F9            [ 1]  153 	jreq	00106$
                                    154 ;	src/on_chip_eeprom.c: 44: for(int i = 0; i<len; ++i)
      00008E 1E 05            [ 2]  155 	ldw	x, (0x05, sp)
      000090 5C               [ 1]  156 	incw	x
      000091 1F 05            [ 2]  157 	ldw	(0x05, sp), x
      000093 20 DF            [ 2]  158 	jra	00111$
      000095                        159 00109$:
                                    160 ;	src/on_chip_eeprom.c: 50: FLASH_BASE_ADDR->iapsr &= ~(FLASH_IAPSR_DUL_MASK);
      000095 A4 F7            [ 1]  161 	and	a, #0xf7
      000097 C7 50 5F         [ 1]  162 	ld	0x505f, a
      00009A                        163 00113$:
                                    164 ;	src/on_chip_eeprom.c: 51: }
      00009A 1E 07            [ 2]  165 	ldw	x, (7, sp)
      00009C 5B 0C            [ 2]  166 	addw	sp, #12
      00009E FC               [ 2]  167 	jp	(x)
                                    168 ;	src/on_chip_eeprom.c: 53: void eeprom_get(uint16_t index, uint8_t * buffer, uint16_t len)
                                    169 ;	-----------------------------------------
                                    170 ;	 function eeprom_get
                                    171 ;	-----------------------------------------
      00009F                        172 _eeprom_get:
      00009F 52 02            [ 2]  173 	sub	sp, #2
                                    174 ;	src/on_chip_eeprom.c: 55: memcpy(buffer, (volatile uint8_t *)(EEPROM_START_ADDR + index), len);
      0000A1 16 07            [ 2]  175 	ldw	y, (0x07, sp)
      0000A3 1C 40 00         [ 2]  176 	addw	x, #0x4000
      0000A6 1F 01            [ 2]  177 	ldw	(0x01, sp), x
      0000A8 1E 05            [ 2]  178 	ldw	x, (0x05, sp)
      0000AA 90 89            [ 2]  179 	pushw	y
      0000AC 16 03            [ 2]  180 	ldw	y, (0x03, sp)
      0000AE 90 89            [ 2]  181 	pushw	y
      0000B0 CDr00r00         [ 4]  182 	call	___memcpy
                                    183 ;	src/on_chip_eeprom.c: 56: }
      0000B3 1E 03            [ 2]  184 	ldw	x, (3, sp)
      0000B5 5B 08            [ 2]  185 	addw	sp, #8
      0000B7 FC               [ 2]  186 	jp	(x)
                                    187 	.area CODE
                                    188 	.area CONST
                                    189 	.area CONST
      000000                        190 ___str_0:
      000000 25 30 32 58            191 	.ascii "%02X"
      000004 0D                     192 	.db 0x0d
      000005 0A                     193 	.db 0x0a
      000006 00                     194 	.db 0x00
                                    195 	.area CODE
                                    196 	.area CONST
      000007                        197 ___str_1:
      000007 25 30 32 58            198 	.ascii "%02X"
      00000B 00                     199 	.db 0x00
                                    200 	.area CODE
                                    201 	.area CONST
      00000C                        202 ___str_3:
      00000C 0D                     203 	.db 0x0d
      00000D 00                     204 	.db 0x00
                                    205 	.area CODE
                                    206 	.area INITIALIZER
                                    207 	.area CABS (ABS)
