                                      1 ;--------------------------------------------------------
                                      2 ; File Created by SDCC : free open source ANSI-C Compiler
                                      3 ; Version 4.2.0 #13081 (Linux)
                                      4 ;--------------------------------------------------------
                                      5 	.module uart1
                                      6 	.optsdcc -mstm8
                                      7 	
                                      8 ;--------------------------------------------------------
                                      9 ; Public variables in this module
                                     10 ;--------------------------------------------------------
                                     11 	.globl _putchar
                                     12 	.globl _uart1_send_char
                                     13 	.globl _uart1_init
                                     14 ;--------------------------------------------------------
                                     15 ; ram data
                                     16 ;--------------------------------------------------------
                                     17 	.area DATA
                                     18 ;--------------------------------------------------------
                                     19 ; ram data
                                     20 ;--------------------------------------------------------
                                     21 	.area INITIALIZED
                                     22 ;--------------------------------------------------------
                                     23 ; absolute external ram data
                                     24 ;--------------------------------------------------------
                                     25 	.area DABS (ABS)
                                     26 
                                     27 ; default segment ordering for linker
                                     28 	.area HOME
                                     29 	.area GSINIT
                                     30 	.area GSFINAL
                                     31 	.area CONST
                                     32 	.area INITIALIZER
                                     33 	.area CODE
                                     34 
                                     35 ;--------------------------------------------------------
                                     36 ; global & static initialisations
                                     37 ;--------------------------------------------------------
                                     38 	.area HOME
                                     39 	.area GSINIT
                                     40 	.area GSFINAL
                                     41 	.area GSINIT
                                     42 ;--------------------------------------------------------
                                     43 ; Home
                                     44 ;--------------------------------------------------------
                                     45 	.area HOME
                                     46 	.area HOME
                                     47 ;--------------------------------------------------------
                                     48 ; code
                                     49 ;--------------------------------------------------------
                                     50 	.area CODE
                                     51 ;	src/uart1.c: 6: void uart1_init()
                                     52 ;	-----------------------------------------
                                     53 ;	 function uart1_init
                                     54 ;	-----------------------------------------
      000000                         55 _uart1_init:
                                     56 ;	src/uart1.c: 8: CLK_BASE_ADDR->PCKENR1 |= (1 << 3);
      000000 72 16 50 C7      [ 1]   57 	bset	0x50c7, #3
                                     58 ;	src/uart1.c: 9: UART_1_BASE_ADDR->BRR2 = 0x0A;
      000004 35 0A 52 33      [ 1]   59 	mov	0x5233+0, #0x0a
                                     60 ;	src/uart1.c: 10: UART_1_BASE_ADDR->BRR1 = 0x08;
      000008 35 08 52 32      [ 1]   61 	mov	0x5232+0, #0x08
                                     62 ;	src/uart1.c: 11: UART_1_BASE_ADDR->CR2 = ((1<<2)|(1<<3));
      00000C 35 0C 52 35      [ 1]   63 	mov	0x5235+0, #0x0c
                                     64 ;	src/uart1.c: 12: }
      000010 81               [ 4]   65 	ret
                                     66 ;	src/uart1.c: 14: void uart1_send_char(const char ch)
                                     67 ;	-----------------------------------------
                                     68 ;	 function uart1_send_char
                                     69 ;	-----------------------------------------
      000011                         70 _uart1_send_char:
                                     71 ;	src/uart1.c: 16: UART_1_BASE_ADDR->DR = ch;
      000011 C7 52 31         [ 1]   72 	ld	0x5231, a
                                     73 ;	src/uart1.c: 17: while(!(UART_1_BASE_ADDR->SR & (1<<6)));
      000014                         74 00101$:
      000014 72 0D 52 30 FB   [ 2]   75 	btjf	0x5230, #6, 00101$
                                     76 ;	src/uart1.c: 18: }
      000019 81               [ 4]   77 	ret
                                     78 ;	src/uart1.c: 20: int putchar(int ch)
                                     79 ;	-----------------------------------------
                                     80 ;	 function putchar
                                     81 ;	-----------------------------------------
      00001A                         82 _putchar:
      00001A 9F               [ 1]   83 	ld	a, xl
                                     84 ;	src/uart1.c: 22: uart1_send_char(ch);
      00001B CDr00r11         [ 4]   85 	call	_uart1_send_char
                                     86 ;	src/uart1.c: 23: return 0;
      00001E 5F               [ 1]   87 	clrw	x
                                     88 ;	src/uart1.c: 24: }
      00001F 81               [ 4]   89 	ret
                                     90 	.area CODE
                                     91 	.area CONST
                                     92 	.area INITIALIZER
                                     93 	.area CABS (ABS)
