                                      1 ;--------------------------------------------------------
                                      2 ; File Created by SDCC : free open source ANSI-C Compiler
                                      3 ; Version 4.2.0 #13081 (Linux)
                                      4 ;--------------------------------------------------------
                                      5 	.module ws2812_drv
                                      6 	.optsdcc -mstm8
                                      7 	
                                      8 ;--------------------------------------------------------
                                      9 ; Public variables in this module
                                     10 ;--------------------------------------------------------
                                     11 	.globl _ws2812_set_one_color
                                     12 	.globl _ws2812_set_all_color
                                     13 	.globl _ws2812_blink
                                     14 	.globl _ws2812_refresh
                                     15 	.globl _ws2812_init
                                     16 ;--------------------------------------------------------
                                     17 ; ram data
                                     18 ;--------------------------------------------------------
                                     19 	.area DATA
                                     20 ;--------------------------------------------------------
                                     21 ; ram data
                                     22 ;--------------------------------------------------------
                                     23 	.area INITIALIZED
      000000                         24 _gs_ws2812_config:
      000000                         25 	.ds 64
                                     26 ;--------------------------------------------------------
                                     27 ; absolute external ram data
                                     28 ;--------------------------------------------------------
                                     29 	.area DABS (ABS)
                                     30 
                                     31 ; default segment ordering for linker
                                     32 	.area HOME
                                     33 	.area GSINIT
                                     34 	.area GSFINAL
                                     35 	.area CONST
                                     36 	.area INITIALIZER
                                     37 	.area CODE
                                     38 
                                     39 ;--------------------------------------------------------
                                     40 ; global & static initialisations
                                     41 ;--------------------------------------------------------
                                     42 	.area HOME
                                     43 	.area GSINIT
                                     44 	.area GSFINAL
                                     45 	.area GSINIT
                                     46 ;--------------------------------------------------------
                                     47 ; Home
                                     48 ;--------------------------------------------------------
                                     49 	.area HOME
                                     50 	.area HOME
                                     51 ;--------------------------------------------------------
                                     52 ; code
                                     53 ;--------------------------------------------------------
                                     54 	.area CODE
                                     55 ;	src/ws2812_drv.c: 69: void ws2812_init(void)
                                     56 ;	-----------------------------------------
                                     57 ;	 function ws2812_init
                                     58 ;	-----------------------------------------
      000000                         59 _ws2812_init:
                                     60 ;	src/ws2812_drv.c: 71: GPIO_D_BASE_ADDR->DDR |= (1 << 4);
      000000 72 18 50 11      [ 1]   61 	bset	0x5011, #4
                                     62 ;	src/ws2812_drv.c: 72: GPIO_D_BASE_ADDR->CR1 |= (1 << 4);
      000004 72 18 50 12      [ 1]   63 	bset	0x5012, #4
                                     64 ;	src/ws2812_drv.c: 73: }
      000008 81               [ 4]   65 	ret
                                     66 ;	src/ws2812_drv.c: 75: void ws2812_refresh(void)
                                     67 ;	-----------------------------------------
                                     68 ;	 function ws2812_refresh
                                     69 ;	-----------------------------------------
      000009                         70 _ws2812_refresh:
      000009 52 0B            [ 2]   71 	sub	sp, #11
                                     72 ;	src/ws2812_drv.c: 77: for(uint16_t i = 0; i< WS2812_CONTRL_BIT * WS2812_SERIAL_NUM; ++i)
      00000B 5F               [ 1]   73 	clrw	x
      00000C 1F 0A            [ 2]   74 	ldw	(0x0a, sp), x
      00000E                         75 00106$:
      00000E 16 0A            [ 2]   76 	ldw	y, (0x0a, sp)
      000010 17 08            [ 2]   77 	ldw	(0x08, sp), y
      000012 93               [ 1]   78 	ldw	x, y
      000013 A3 01 80         [ 2]   79 	cpw	x, #0x0180
      000016 24 70            [ 1]   80 	jrnc	00104$
                                     81 ;	src/ws2812_drv.c: 79: if((gs_ws2812_config[i/WS2812_CONTRL_BIT] >> (i%WS2812_CONTRL_BIT)) & 0x1)
      000018 1E 08            [ 2]   82 	ldw	x, (0x08, sp)
      00001A 90 AE 00 18      [ 2]   83 	ldw	y, #0x0018
      00001E 65               [ 2]   84 	divw	x, y
      00001F 58               [ 2]   85 	sllw	x
      000020 58               [ 2]   86 	sllw	x
      000021 1Cr00r00         [ 2]   87 	addw	x, #(_gs_ws2812_config+0)
      000024 E6 03            [ 1]   88 	ld	a, (0x3, x)
      000026 6B 04            [ 1]   89 	ld	(0x04, sp), a
      000028 E6 02            [ 1]   90 	ld	a, (0x2, x)
      00002A 6B 03            [ 1]   91 	ld	(0x03, sp), a
      00002C FE               [ 2]   92 	ldw	x, (x)
      00002D 1F 01            [ 2]   93 	ldw	(0x01, sp), x
      00002F 1E 08            [ 2]   94 	ldw	x, (0x08, sp)
      000031 90 AE 00 18      [ 2]   95 	ldw	y, #0x0018
      000035 65               [ 2]   96 	divw	x, y
      000036 17 08            [ 2]   97 	ldw	(0x08, sp), y
      000038 16 01            [ 2]   98 	ldw	y, (0x01, sp)
      00003A 17 06            [ 2]   99 	ldw	(0x06, sp), y
      00003C 1E 03            [ 2]  100 	ldw	x, (0x03, sp)
      00003E 7B 09            [ 1]  101 	ld	a, (0x09, sp)
      000040 27 08            [ 1]  102 	jreq	00128$
      000042                        103 00127$:
      000042 04 06            [ 1]  104 	srl	(0x06, sp)
      000044 06 07            [ 1]  105 	rrc	(0x07, sp)
      000046 56               [ 2]  106 	rrcw	x
      000047 4A               [ 1]  107 	dec	a
      000048 26 F8            [ 1]  108 	jrne	00127$
      00004A                        109 00128$:
      00004A 1F 08            [ 2]  110 	ldw	(0x08, sp), x
      00004C 7B 09            [ 1]  111 	ld	a, (0x09, sp)
      00004E 44               [ 1]  112 	srl	a
      00004F 24 19            [ 1]  113 	jrnc	00102$
                                    114 ;	src/ws2812_drv.c: 81: ws2812_send_1;
      000051 72 18 50 0F      [ 1]  115 	bset	20495, #4
      000055 9D               [ 1]  116 	nop
      000056 9D               [ 1]  117 	nop
      000057 9D               [ 1]  118 	nop
      000058 9D               [ 1]  119 	nop
      000059 9D               [ 1]  120 	nop
      00005A 9D               [ 1]  121 	nop
      00005B 9D               [ 1]  122 	nop
      00005C 9D               [ 1]  123 	nop
      00005D 9D               [ 1]  124 	nop
      00005E 9D               [ 1]  125 	nop
      00005F 9D               [ 1]  126 	nop
      000060 9D               [ 1]  127 	nop
      000061 72 19 50 0F      [ 1]  128 	bres	20495, #4
      000065 9D               [ 1]  129 	nop
      000066 9D               [ 1]  130 	nop
      000067 9D               [ 1]  131 	nop
      000068 20 17            [ 2]  132 	jra	00107$
      00006A                        133 00102$:
                                    134 ;	src/ws2812_drv.c: 85: ws2812_send_0;
      00006A 72 18 50 0F      [ 1]  135 	bset	20495, #4
      00006E 9D               [ 1]  136 	nop
      00006F 9D               [ 1]  137 	nop
      000070 9D               [ 1]  138 	nop
      000071 9D               [ 1]  139 	nop
      000072 9D               [ 1]  140 	nop
      000073 72 19 50 0F      [ 1]  141 	bres	20495, #4
      000077 9D               [ 1]  142 	nop
      000078 9D               [ 1]  143 	nop
      000079 9D               [ 1]  144 	nop
      00007A 9D               [ 1]  145 	nop
      00007B 9D               [ 1]  146 	nop
      00007C 9D               [ 1]  147 	nop
      00007D 9D               [ 1]  148 	nop
      00007E 9D               [ 1]  149 	nop
      00007F 9D               [ 1]  150 	nop
      000080 9D               [ 1]  151 	nop
      000081                        152 00107$:
                                    153 ;	src/ws2812_drv.c: 77: for(uint16_t i = 0; i< WS2812_CONTRL_BIT * WS2812_SERIAL_NUM; ++i)
      000081 1E 0A            [ 2]  154 	ldw	x, (0x0a, sp)
      000083 5C               [ 1]  155 	incw	x
      000084 1F 0A            [ 2]  156 	ldw	(0x0a, sp), x
      000086 20 86            [ 2]  157 	jra	00106$
      000088                        158 00104$:
                                    159 ;	src/ws2812_drv.c: 88: ws2812_reset;
      000088 72 19 50 0F      [ 1]  160 	bres	20495, #4
      00008C 9D               [ 1]  161 	nop
      00008D 9D               [ 1]  162 	nop
      00008E 9D               [ 1]  163 	nop
      00008F 9D               [ 1]  164 	nop
      000090 9D               [ 1]  165 	nop
      000091 9D               [ 1]  166 	nop
      000092 9D               [ 1]  167 	nop
      000093 9D               [ 1]  168 	nop
      000094 9D               [ 1]  169 	nop
      000095 9D               [ 1]  170 	nop
      000096 9D               [ 1]  171 	nop
      000097 9D               [ 1]  172 	nop
      000098 9D               [ 1]  173 	nop
      000099 9D               [ 1]  174 	nop
      00009A 9D               [ 1]  175 	nop
      00009B 9D               [ 1]  176 	nop
      00009C 9D               [ 1]  177 	nop
      00009D 9D               [ 1]  178 	nop
      00009E 9D               [ 1]  179 	nop
      00009F 9D               [ 1]  180 	nop
      0000A0 9D               [ 1]  181 	nop
      0000A1 9D               [ 1]  182 	nop
      0000A2 9D               [ 1]  183 	nop
      0000A3 9D               [ 1]  184 	nop
      0000A4 9D               [ 1]  185 	nop
      0000A5 9D               [ 1]  186 	nop
      0000A6 9D               [ 1]  187 	nop
      0000A7 9D               [ 1]  188 	nop
      0000A8 9D               [ 1]  189 	nop
      0000A9 9D               [ 1]  190 	nop
      0000AA 9D               [ 1]  191 	nop
      0000AB 9D               [ 1]  192 	nop
      0000AC 9D               [ 1]  193 	nop
      0000AD 9D               [ 1]  194 	nop
      0000AE 9D               [ 1]  195 	nop
      0000AF 9D               [ 1]  196 	nop
      0000B0 9D               [ 1]  197 	nop
      0000B1 9D               [ 1]  198 	nop
      0000B2 9D               [ 1]  199 	nop
      0000B3 9D               [ 1]  200 	nop
      0000B4 9D               [ 1]  201 	nop
      0000B5 9D               [ 1]  202 	nop
      0000B6 9D               [ 1]  203 	nop
      0000B7 9D               [ 1]  204 	nop
      0000B8 9D               [ 1]  205 	nop
      0000B9 9D               [ 1]  206 	nop
      0000BA 9D               [ 1]  207 	nop
      0000BB 9D               [ 1]  208 	nop
      0000BC 9D               [ 1]  209 	nop
      0000BD 9D               [ 1]  210 	nop
      0000BE 9D               [ 1]  211 	nop
      0000BF 9D               [ 1]  212 	nop
      0000C0 9D               [ 1]  213 	nop
      0000C1 9D               [ 1]  214 	nop
      0000C2 9D               [ 1]  215 	nop
      0000C3 9D               [ 1]  216 	nop
      0000C4 9D               [ 1]  217 	nop
      0000C5 9D               [ 1]  218 	nop
      0000C6 9D               [ 1]  219 	nop
      0000C7 9D               [ 1]  220 	nop
      0000C8 9D               [ 1]  221 	nop
      0000C9 9D               [ 1]  222 	nop
      0000CA 9D               [ 1]  223 	nop
      0000CB 9D               [ 1]  224 	nop
      0000CC 9D               [ 1]  225 	nop
      0000CD 9D               [ 1]  226 	nop
      0000CE 9D               [ 1]  227 	nop
      0000CF 9D               [ 1]  228 	nop
      0000D0 9D               [ 1]  229 	nop
      0000D1 9D               [ 1]  230 	nop
      0000D2 9D               [ 1]  231 	nop
      0000D3 9D               [ 1]  232 	nop
      0000D4 9D               [ 1]  233 	nop
      0000D5 9D               [ 1]  234 	nop
      0000D6 9D               [ 1]  235 	nop
      0000D7 9D               [ 1]  236 	nop
      0000D8 9D               [ 1]  237 	nop
      0000D9 9D               [ 1]  238 	nop
      0000DA 9D               [ 1]  239 	nop
      0000DB 9D               [ 1]  240 	nop
      0000DC 9D               [ 1]  241 	nop
      0000DD 9D               [ 1]  242 	nop
      0000DE 9D               [ 1]  243 	nop
      0000DF 9D               [ 1]  244 	nop
      0000E0 9D               [ 1]  245 	nop
      0000E1 9D               [ 1]  246 	nop
      0000E2 9D               [ 1]  247 	nop
      0000E3 9D               [ 1]  248 	nop
      0000E4 9D               [ 1]  249 	nop
      0000E5 9D               [ 1]  250 	nop
      0000E6 9D               [ 1]  251 	nop
      0000E7 9D               [ 1]  252 	nop
      0000E8 9D               [ 1]  253 	nop
      0000E9 9D               [ 1]  254 	nop
      0000EA 9D               [ 1]  255 	nop
      0000EB 9D               [ 1]  256 	nop
      0000EC 9D               [ 1]  257 	nop
      0000ED 9D               [ 1]  258 	nop
      0000EE 9D               [ 1]  259 	nop
      0000EF 9D               [ 1]  260 	nop
                                    261 ;	src/ws2812_drv.c: 89: }
      0000F0 5B 0B            [ 2]  262 	addw	sp, #11
      0000F2 81               [ 4]  263 	ret
                                    264 ;	src/ws2812_drv.c: 91: void ws2812_blink(void)
                                    265 ;	-----------------------------------------
                                    266 ;	 function ws2812_blink
                                    267 ;	-----------------------------------------
      0000F3                        268 _ws2812_blink:
      0000F3 52 0A            [ 2]  269 	sub	sp, #10
                                    270 ;	src/ws2812_drv.c: 93: for(uint16_t i = 0; i < WS2812_SERIAL_NUM; ++i)
      0000F5 5F               [ 1]  271 	clrw	x
      0000F6 1F 09            [ 2]  272 	ldw	(0x09, sp), x
      0000F8                        273 00103$:
                                    274 ;	src/ws2812_drv.c: 95: gs_ws2812_config[i] +=10;
      0000F8 1E 09            [ 2]  275 	ldw	x, (0x09, sp)
      0000FA A3 00 10         [ 2]  276 	cpw	x, #0x0010
      0000FD 24 38            [ 1]  277 	jrnc	00101$
      0000FF 58               [ 2]  278 	sllw	x
      000100 58               [ 2]  279 	sllw	x
      000101 1Cr00r00         [ 2]  280 	addw	x, #(_gs_ws2812_config+0)
      000104 90 93            [ 1]  281 	ldw	y, x
      000106 90 EE 02         [ 2]  282 	ldw	y, (0x2, y)
      000109 E6 01            [ 1]  283 	ld	a, (0x1, x)
      00010B 88               [ 1]  284 	push	a
      00010C F6               [ 1]  285 	ld	a, (x)
      00010D 6B 06            [ 1]  286 	ld	(0x06, sp), a
      00010F 84               [ 1]  287 	pop	a
      000110 72 A9 00 0A      [ 2]  288 	addw	y, #0x000a
      000114 A9 00            [ 1]  289 	adc	a, #0x00
      000116 88               [ 1]  290 	push	a
      000117 7B 06            [ 1]  291 	ld	a, (0x06, sp)
      000119 A9 00            [ 1]  292 	adc	a, #0x00
      00011B 6B 02            [ 1]  293 	ld	(0x02, sp), a
      00011D 84               [ 1]  294 	pop	a
      00011E EF 02            [ 2]  295 	ldw	(0x2, x), y
      000120 E7 01            [ 1]  296 	ld	(0x1, x), a
      000122 88               [ 1]  297 	push	a
      000123 7B 02            [ 1]  298 	ld	a, (0x02, sp)
      000125 F7               [ 1]  299 	ld	(x), a
      000126 84               [ 1]  300 	pop	a
                                    301 ;	src/ws2812_drv.c: 96: gs_ws2812_config[i] %=0x1000000;
      000127 6B 06            [ 1]  302 	ld	(0x06, sp), a
      000129 0F 05            [ 1]  303 	clr	(0x05, sp)
      00012B EF 02            [ 2]  304 	ldw	(0x2, x), y
      00012D 16 05            [ 2]  305 	ldw	y, (0x05, sp)
      00012F FF               [ 2]  306 	ldw	(x), y
                                    307 ;	src/ws2812_drv.c: 93: for(uint16_t i = 0; i < WS2812_SERIAL_NUM; ++i)
      000130 1E 09            [ 2]  308 	ldw	x, (0x09, sp)
      000132 5C               [ 1]  309 	incw	x
      000133 1F 09            [ 2]  310 	ldw	(0x09, sp), x
      000135 20 C1            [ 2]  311 	jra	00103$
      000137                        312 00101$:
                                    313 ;	src/ws2812_drv.c: 98: return;
                                    314 ;	src/ws2812_drv.c: 99: }
      000137 5B 0A            [ 2]  315 	addw	sp, #10
      000139 81               [ 4]  316 	ret
                                    317 ;	src/ws2812_drv.c: 101: void ws2812_set_all_color(uint32_t color)
                                    318 ;	-----------------------------------------
                                    319 ;	 function ws2812_set_all_color
                                    320 ;	-----------------------------------------
      00013A                        321 _ws2812_set_all_color:
                                    322 ;	src/ws2812_drv.c: 103: if(color > 0xFFFFFF)
      00013A 0D 03            [ 1]  323 	tnz	(0x03, sp)
                                    324 ;	src/ws2812_drv.c: 105: return;
                                    325 ;	src/ws2812_drv.c: 107: for(int i =0; i< WS2812_SERIAL_NUM; ++i)
      00013C 26 20            [ 1]  326 	jrne	00107$
      00013E 90 5F            [ 1]  327 	clrw	y
      000140                        328 00105$:
                                    329 ;	src/ws2812_drv.c: 109: gs_ws2812_config[i] = color;
      000140 93               [ 1]  330 	ldw	x, y
      000141 A3 00 10         [ 2]  331 	cpw	x, #0x0010
      000144 24 18            [ 1]  332 	jrnc	00107$
      000146 58               [ 2]  333 	sllw	x
      000147 58               [ 2]  334 	sllw	x
      000148 1Cr00r00         [ 2]  335 	addw	x, #(_gs_ws2812_config+0)
      00014B 7B 06            [ 1]  336 	ld	a, (0x06, sp)
      00014D E7 03            [ 1]  337 	ld	(0x3, x), a
      00014F 7B 05            [ 1]  338 	ld	a, (0x05, sp)
      000151 E7 02            [ 1]  339 	ld	(0x2, x), a
      000153 7B 04            [ 1]  340 	ld	a, (0x04, sp)
      000155 E7 01            [ 1]  341 	ld	(0x1, x), a
      000157 7B 03            [ 1]  342 	ld	a, (0x03, sp)
      000159 F7               [ 1]  343 	ld	(x), a
                                    344 ;	src/ws2812_drv.c: 107: for(int i =0; i< WS2812_SERIAL_NUM; ++i)
      00015A 90 5C            [ 1]  345 	incw	y
      00015C 20 E2            [ 2]  346 	jra	00105$
      00015E                        347 00107$:
                                    348 ;	src/ws2812_drv.c: 111: }
      00015E 1E 01            [ 2]  349 	ldw	x, (1, sp)
      000160 5B 06            [ 2]  350 	addw	sp, #6
      000162 FC               [ 2]  351 	jp	(x)
                                    352 ;	src/ws2812_drv.c: 113: void ws2812_set_one_color(uint16_t index, uint32_t color)
                                    353 ;	-----------------------------------------
                                    354 ;	 function ws2812_set_one_color
                                    355 ;	-----------------------------------------
      000163                        356 _ws2812_set_one_color:
                                    357 ;	src/ws2812_drv.c: 115: if((color > 0xFFFFFF) || (index > WS2812_SERIAL_NUM))
      000163 0D 03            [ 1]  358 	tnz	(0x03, sp)
      000165 26 14            [ 1]  359 	jrne	00104$
      000167 90 93            [ 1]  360 	ldw	y, x
      000169 90 A3 00 10      [ 2]  361 	cpw	y, #0x0010
                                    362 ;	src/ws2812_drv.c: 117: return;
      00016D 22 0C            [ 1]  363 	jrugt	00104$
                                    364 ;	src/ws2812_drv.c: 119: gs_ws2812_config[index] = color;
      00016F 58               [ 2]  365 	sllw	x
      000170 58               [ 2]  366 	sllw	x
      000171 1Cr00r00         [ 2]  367 	addw	x, #(_gs_ws2812_config+0)
      000174 16 05            [ 2]  368 	ldw	y, (0x05, sp)
      000176 EF 02            [ 2]  369 	ldw	(0x2, x), y
      000178 16 03            [ 2]  370 	ldw	y, (0x03, sp)
      00017A FF               [ 2]  371 	ldw	(x), y
      00017B                        372 00104$:
                                    373 ;	src/ws2812_drv.c: 120: }
      00017B 1E 01            [ 2]  374 	ldw	x, (1, sp)
      00017D 5B 06            [ 2]  375 	addw	sp, #6
      00017F FC               [ 2]  376 	jp	(x)
                                    377 	.area CODE
                                    378 	.area CONST
                                    379 	.area INITIALIZER
      000000                        380 __xinit__gs_ws2812_config:
      000000 00 00 00 00            381 	.byte #0x00, #0x00, #0x00, #0x00	; 0
      000004 00                     382 	.db 0x00
      000005 00                     383 	.db 0x00
      000006 00                     384 	.db 0x00
      000007 00                     385 	.db 0x00
      000008 00                     386 	.db 0x00
      000009 00                     387 	.db 0x00
      00000A 00                     388 	.db 0x00
      00000B 00                     389 	.db 0x00
      00000C 00                     390 	.db 0x00
      00000D 00                     391 	.db 0x00
      00000E 00                     392 	.db 0x00
      00000F 00                     393 	.db 0x00
      000010 00                     394 	.db 0x00
      000011 00                     395 	.db 0x00
      000012 00                     396 	.db 0x00
      000013 00                     397 	.db 0x00
      000014 00                     398 	.db 0x00
      000015 00                     399 	.db 0x00
      000016 00                     400 	.db 0x00
      000017 00                     401 	.db 0x00
      000018 00                     402 	.db 0x00
      000019 00                     403 	.db 0x00
      00001A 00                     404 	.db 0x00
      00001B 00                     405 	.db 0x00
      00001C 00                     406 	.db 0x00
      00001D 00                     407 	.db 0x00
      00001E 00                     408 	.db 0x00
      00001F 00                     409 	.db 0x00
      000020 00                     410 	.db 0x00
      000021 00                     411 	.db 0x00
      000022 00                     412 	.db 0x00
      000023 00                     413 	.db 0x00
      000024 00                     414 	.db 0x00
      000025 00                     415 	.db 0x00
      000026 00                     416 	.db 0x00
      000027 00                     417 	.db 0x00
      000028 00                     418 	.db 0x00
      000029 00                     419 	.db 0x00
      00002A 00                     420 	.db 0x00
      00002B 00                     421 	.db 0x00
      00002C 00                     422 	.db 0x00
      00002D 00                     423 	.db 0x00
      00002E 00                     424 	.db 0x00
      00002F 00                     425 	.db 0x00
      000030 00                     426 	.db 0x00
      000031 00                     427 	.db 0x00
      000032 00                     428 	.db 0x00
      000033 00                     429 	.db 0x00
      000034 00                     430 	.db 0x00
      000035 00                     431 	.db 0x00
      000036 00                     432 	.db 0x00
      000037 00                     433 	.db 0x00
      000038 00                     434 	.db 0x00
      000039 00                     435 	.db 0x00
      00003A 00                     436 	.db 0x00
      00003B 00                     437 	.db 0x00
      00003C 00                     438 	.db 0x00
      00003D 00                     439 	.db 0x00
      00003E 00                     440 	.db 0x00
      00003F 00                     441 	.db 0x00
                                    442 	.area CABS (ABS)
